[mjs@localhost ~]$ ssh mjs@192.168.1.1
ssh: connect to host 192.168.1.1 port 22: Connection refused
[mjs@localhost ~]$ top

top - 10:48:05 up 24 min,  2 users,  load average: 0.17, 0.09, 0.11
Tasks: 168 total,   2 running, 166 sleeping,   0 stopped,   0 zombie
%Cpu(s):  2.7 us,  0.9 sy,  0.0 ni, 95.9 id,  0.4 wa,  0.0 hi,  0.1 si,  0.0 st
KiB Mem :   759112 total,    64384 free,   575920 used,   118808 buff/cache
KiB Swap:  1572860 total,  1295072 free,   277788 used.    59240 avail Mem 

  PID USER      PR  NI    VIRT    RES    SHR S %CPU %MEM     TIME+ COMMAND      
 5238 mjs       20   0  130020   1668   1200 R  5.3  0.2   0:00.03 top          
    1 root      20   0   60600   4612   1224 S  0.0  0.6   0:01.32 systemd      
    2 root      20   0       0      0      0 S  0.0  0.0   0:00.00 kthreadd     
    3 root      20   0       0      0      0 S  0.0  0.0   0:00.10 ksoftirqd/0  
    5 root       0 -20       0      0      0 S  0.0  0.0   0:00.00 kworker/0:0H 
    6 root      20   0       0      0      0 S  0.0  0.0   0:00.02 kworker/u2:0 
    7 root      rt   0       0      0      0 S  0.0  0.0   0:00.00 migration/0  
    8 root      20   0       0      0      0 S  0.0  0.0   0:00.00 rcu_bh       
    9 root      20   0       0      0      0 S  0.0  0.0   0:00.00 rcuob/0      
   10 root      20   0       0      0      0 S  0.0  0.0   0:00.52 rcu_sched    
   11 root      20   0       0      0      0 R  0.0  0.0   0:00.44 rcuos/0      
   12 root      rt   0       0      0      0 S  0.0  0.0   0:00.01 watchdog/0   
   13 root       0 -20       0      0      0 S  0.0  0.0   0:00.00 khelper      
   14 root      20   0       0      0      0 S  0.0  0.0   0:00.00 kdevtmpfs    
   15 root       0 -20       0      0      0 S  0.0  0.0   0:00.00 netns        
   16 root       0 -20       0      0      0 S  0.0  0.0   0:00.00 writeback    
   17 root       0 -20       0      0      0 S  0.0  0.0   0:00.00 kintegrityd  
[mjs@localhost ~]$ env
XDG_VTNR=1
SSH_AGENT_PID=2969
XDG_SESSION_ID=1
HOSTNAME=localhost.localdomain
IMSETTINGS_INTEGRATE_DESKTOP=yes
GPG_AGENT_INFO=/run/user/1000/keyring-v3uraW/gpg:0:1
VTE_VERSION=3406
TERM=xterm-256color
SHELL=/bin/bash
XDG_MENU_PREFIX=gnome-
HISTSIZE=1000
PERL5LIB=/home/mjs/perl5/lib/perl5:
GJS_DEBUG_OUTPUT=stderr
WINDOWID=39845894
GNOME_KEYRING_CONTROL=/run/user/1000/keyring-v3uraW
QTDIR=/usr/lib64/qt-3.3
QTINC=/usr/lib64/qt-3.3/include
GJS_DEBUG_TOPICS=JS ERROR;JS LOG
PERL_MB_OPT=--install_base /home/mjs/perl5
IMSETTINGS_MODULE=none
QT_GRAPHICSSYSTEM_CHECKED=1
USER=mjs
LS_COLORS=rs=0:di=38;5;27:ln=38;5;51:mh=44;38;5;15:pi=40;38;5;11:so=38;5;13:do=38;5;5:bd=48;5;232;38;5;11:cd=48;5;232;38;5;3:or=48;5;232;38;5;9:mi=05;48;5;232;38;5;15:su=48;5;196;38;5;15:sg=48;5;11;38;5;16:ca=48;5;196;38;5;226:tw=48;5;10;38;5;16:ow=48;5;10;38;5;21:st=48;5;21;38;5;15:ex=38;5;34:*.tar=38;5;9:*.tgz=38;5;9:*.arc=38;5;9:*.arj=38;5;9:*.taz=38;5;9:*.lha=38;5;9:*.lz4=38;5;9:*.lzh=38;5;9:*.lzma=38;5;9:*.tlz=38;5;9:*.txz=38;5;9:*.tzo=38;5;9:*.t7z=38;5;9:*.zip=38;5;9:*.z=38;5;9:*.Z=38;5;9:*.dz=38;5;9:*.gz=38;5;9:*.lrz=38;5;9:*.lz=38;5;9:*.lzo=38;5;9:*.xz=38;5;9:*.bz2=38;5;9:*.bz=38;5;9:*.tbz=38;5;9:*.tbz2=38;5;9:*.tz=38;5;9:*.deb=38;5;9:*.rpm=38;5;9:*.jar=38;5;9:*.war=38;5;9:*.ear=38;5;9:*.sar=38;5;9:*.rar=38;5;9:*.alz=38;5;9:*.ace=38;5;9:*.zoo=38;5;9:*.cpio=38;5;9:*.7z=38;5;9:*.rz=38;5;9:*.cab=38;5;9:*.jpg=38;5;13:*.jpeg=38;5;13:*.gif=38;5;13:*.bmp=38;5;13:*.pbm=38;5;13:*.pgm=38;5;13:*.ppm=38;5;13:*.tga=38;5;13:*.xbm=38;5;13:*.xpm=38;5;13:*.tif=38;5;13:*.tiff=38;5;13:*.png=38;5;13:*.svg=38;5;13:*.svgz=38;5;13:*.mng=38;5;13:*.pcx=38;5;13:*.mov=38;5;13:*.mpg=38;5;13:*.mpeg=38;5;13:*.m2v=38;5;13:*.mkv=38;5;13:*.webm=38;5;13:*.ogm=38;5;13:*.mp4=38;5;13:*.m4v=38;5;13:*.mp4v=38;5;13:*.vob=38;5;13:*.qt=38;5;13:*.nuv=38;5;13:*.wmv=38;5;13:*.asf=38;5;13:*.rm=38;5;13:*.rmvb=38;5;13:*.flc=38;5;13:*.avi=38;5;13:*.fli=38;5;13:*.flv=38;5;13:*.gl=38;5;13:*.dl=38;5;13:*.xcf=38;5;13:*.xwd=38;5;13:*.yuv=38;5;13:*.cgm=38;5;13:*.emf=38;5;13:*.axv=38;5;13:*.anx=38;5;13:*.ogv=38;5;13:*.ogx=38;5;13:*.aac=38;5;45:*.au=38;5;45:*.flac=38;5;45:*.mid=38;5;45:*.midi=38;5;45:*.mka=38;5;45:*.mp3=38;5;45:*.mpc=38;5;45:*.ogg=38;5;45:*.ra=38;5;45:*.wav=38;5;45:*.axa=38;5;45:*.oga=38;5;45:*.spx=38;5;45:*.xspf=38;5;45:
SSH_AUTH_SOCK=/run/user/1000/keyring-v3uraW/ssh
SESSION_MANAGER=local/unix:@/tmp/.ICE-unix/2783,unix/unix:/tmp/.ICE-unix/2783
USERNAME=mjs
GNOME_SHELL_SESSION_MODE=classic
PATH=/usr/lib64/qt-3.3/bin:/home/mjs/perl5/bin:/usr/local/bin:/usr/local/sbin:/usr/bin:/usr/sbin:/bin:/sbin:/home/mjs/.local/bin:/home/mjs/bin
MAIL=/var/spool/mail/mjs
DESKTOP_SESSION=gnome-classic
QT_IM_MODULE=ibus
PWD=/home/mjs
XMODIFIERS=@im=ibus
GNOME_KEYRING_PID=2781
LANG=en_US.utf8
GDM_LANG=en_US.utf8
KDEDIRS=/usr
GDMSESSION=gnome-classic
HISTCONTROL=ignoredups
HOME=/home/mjs
XDG_SEAT=seat0
SHLVL=2
GNOME_DESKTOP_SESSION_ID=this-is-deprecated
PERL_LOCAL_LIB_ROOT=:/home/mjs/perl5
LOGNAME=mjs
QTLIB=/usr/lib64/qt-3.3/lib
DBUS_SESSION_BUS_ADDRESS=unix:abstract=/tmp/dbus-PKGMNdfEoO,guid=3ada127b0e41b6e1efa1376955faccf5
LESSOPEN=||/usr/bin/lesspipe.sh %s
WINDOWPATH=1
DISPLAY=:0
XDG_RUNTIME_DIR=/run/user/1000
QT_PLUGIN_PATH=/usr/lib64/kde4/plugins:/usr/lib/kde4/plugins
PERL_MM_OPT=INSTALL_BASE=/home/mjs/perl5
COLORTERM=gnome-terminal
XAUTHORITY=/run/gdm/auth-for-mjs-a72yKG/database
_=/usr/bin/env
[mjs@localhost ~]$ less /home/mjs/file3.txt 
[mjs@localhost ~]$ less /home/mjs/file3.txt 
[mjs@localhost ~]$ vi /home/mjs/less.txt 
[mjs@localhost ~]$ vi /home/mjs/commands
commands2.log  commands3.log  commands.log   
[mjs@localhost ~]$ vi /home/mjs/commands4.log
[mjs@localhost ~]$ head /home/mjs/file3.txt 
Another text file for homework 1
[mjs@localhost ~]$ tail -f /home/mjs/file3.txt 
file2.txt.gz  fileA.txt     files2.log    files.log     
file3.txt     fileB.txt     files3.log    
[mjs@localhost ~]$ tail -f /home/mjs/fileA.txt 
This is a temp file for hw 1.
^C
[mjs@localhost ~]$ alias lsl = "ls al"
bash: alias: lsl: not found
bash: alias: =: not found
bash: alias: ls al: not found
[mjs@localhost ~]$ lsl
bash: lsl: command not found...
[mjs@localhost ~]$ bash
[mjs@localhost ~]$ alias lsl = "ls al"
bash: alias: lsl: not found
bash: alias: =: not found
bash: alias: ls al: not found
[mjs@localhost ~]$ env
XDG_VTNR=1
XDG_SESSION_ID=1
SSH_AGENT_PID=2969
HOSTNAME=localhost.localdomain
IMSETTINGS_INTEGRATE_DESKTOP=yes
GPG_AGENT_INFO=/run/user/1000/keyring-v3uraW/gpg:0:1
XDG_MENU_PREFIX=gnome-
SHELL=/bin/bash
TERM=xterm-256color
VTE_VERSION=3406
HISTSIZE=1000
PERL5LIB=/home/mjs/perl5/lib/perl5:
GJS_DEBUG_OUTPUT=stderr
WINDOWID=39845894
QTDIR=/usr/lib64/qt-3.3
GNOME_KEYRING_CONTROL=/run/user/1000/keyring-v3uraW
PERL_MB_OPT=--install_base /home/mjs/perl5
GJS_DEBUG_TOPICS=JS ERROR;JS LOG
QTINC=/usr/lib64/qt-3.3/include
QT_GRAPHICSSYSTEM_CHECKED=1
IMSETTINGS_MODULE=none
USER=mjs
LS_COLORS=rs=0:di=38;5;27:ln=38;5;51:mh=44;38;5;15:pi=40;38;5;11:so=38;5;13:do=38;5;5:bd=48;5;232;38;5;11:cd=48;5;232;38;5;3:or=48;5;232;38;5;9:mi=05;48;5;232;38;5;15:su=48;5;196;38;5;15:sg=48;5;11;38;5;16:ca=48;5;196;38;5;226:tw=48;5;10;38;5;16:ow=48;5;10;38;5;21:st=48;5;21;38;5;15:ex=38;5;34:*.tar=38;5;9:*.tgz=38;5;9:*.arc=38;5;9:*.arj=38;5;9:*.taz=38;5;9:*.lha=38;5;9:*.lz4=38;5;9:*.lzh=38;5;9:*.lzma=38;5;9:*.tlz=38;5;9:*.txz=38;5;9:*.tzo=38;5;9:*.t7z=38;5;9:*.zip=38;5;9:*.z=38;5;9:*.Z=38;5;9:*.dz=38;5;9:*.gz=38;5;9:*.lrz=38;5;9:*.lz=38;5;9:*.lzo=38;5;9:*.xz=38;5;9:*.bz2=38;5;9:*.bz=38;5;9:*.tbz=38;5;9:*.tbz2=38;5;9:*.tz=38;5;9:*.deb=38;5;9:*.rpm=38;5;9:*.jar=38;5;9:*.war=38;5;9:*.ear=38;5;9:*.sar=38;5;9:*.rar=38;5;9:*.alz=38;5;9:*.ace=38;5;9:*.zoo=38;5;9:*.cpio=38;5;9:*.7z=38;5;9:*.rz=38;5;9:*.cab=38;5;9:*.jpg=38;5;13:*.jpeg=38;5;13:*.gif=38;5;13:*.bmp=38;5;13:*.pbm=38;5;13:*.pgm=38;5;13:*.ppm=38;5;13:*.tga=38;5;13:*.xbm=38;5;13:*.xpm=38;5;13:*.tif=38;5;13:*.tiff=38;5;13:*.png=38;5;13:*.svg=38;5;13:*.svgz=38;5;13:*.mng=38;5;13:*.pcx=38;5;13:*.mov=38;5;13:*.mpg=38;5;13:*.mpeg=38;5;13:*.m2v=38;5;13:*.mkv=38;5;13:*.webm=38;5;13:*.ogm=38;5;13:*.mp4=38;5;13:*.m4v=38;5;13:*.mp4v=38;5;13:*.vob=38;5;13:*.qt=38;5;13:*.nuv=38;5;13:*.wmv=38;5;13:*.asf=38;5;13:*.rm=38;5;13:*.rmvb=38;5;13:*.flc=38;5;13:*.avi=38;5;13:*.fli=38;5;13:*.flv=38;5;13:*.gl=38;5;13:*.dl=38;5;13:*.xcf=38;5;13:*.xwd=38;5;13:*.yuv=38;5;13:*.cgm=38;5;13:*.emf=38;5;13:*.axv=38;5;13:*.anx=38;5;13:*.ogv=38;5;13:*.ogx=38;5;13:*.aac=38;5;45:*.au=38;5;45:*.flac=38;5;45:*.mid=38;5;45:*.midi=38;5;45:*.mka=38;5;45:*.mp3=38;5;45:*.mpc=38;5;45:*.ogg=38;5;45:*.ra=38;5;45:*.wav=38;5;45:*.axa=38;5;45:*.oga=38;5;45:*.spx=38;5;45:*.xspf=38;5;45:
SSH_AUTH_SOCK=/run/user/1000/keyring-v3uraW/ssh
USERNAME=mjs
SESSION_MANAGER=local/unix:@/tmp/.ICE-unix/2783,unix/unix:/tmp/.ICE-unix/2783
GNOME_SHELL_SESSION_MODE=classic
DESKTOP_SESSION=gnome-classic
MAIL=/var/spool/mail/mjs
PATH=/usr/lib64/qt-3.3/bin:/home/mjs/perl5/bin:/usr/local/bin:/usr/local/sbin:/usr/bin:/usr/sbin:/bin:/sbin:/home/mjs/.local/bin:/home/mjs/bin
QT_IM_MODULE=ibus
PWD=/home/mjs
XMODIFIERS=@im=ibus
LANG=en_US.utf8
GNOME_KEYRING_PID=2781
GDM_LANG=en_US.utf8
KDEDIRS=/usr
GDMSESSION=gnome-classic
HISTCONTROL=ignoredups
SHLVL=3
XDG_SEAT=seat0
HOME=/home/mjs
GNOME_DESKTOP_SESSION_ID=this-is-deprecated
PERL_LOCAL_LIB_ROOT=:/home/mjs/perl5
LOGNAME=mjs
QTLIB=/usr/lib64/qt-3.3/lib
DBUS_SESSION_BUS_ADDRESS=unix:abstract=/tmp/dbus-PKGMNdfEoO,guid=3ada127b0e41b6e1efa1376955faccf5
LESSOPEN=||/usr/bin/lesspipe.sh %s
WINDOWPATH=1
XDG_RUNTIME_DIR=/run/user/1000
DISPLAY=:0
QT_PLUGIN_PATH=/usr/lib64/kde4/plugins:/usr/lib/kde4/plugins
PERL_MM_OPT=INSTALL_BASE=/home/mjs/perl5
XAUTHORITY=/run/gdm/auth-for-mjs-a72yKG/database
COLORTERM=gnome-terminal
_=/usr/bin/env
[mjs@localhost ~]$ export $MJS_PATH=/home/mjs/
bash: export: `=/home/mjs/': not a valid identifier
[mjs@localhost ~]$ export $MJS_PATH="/home/mjs/"
bash: export: `=/home/mjs/': not a valid identifier
[mjs@localhost ~]$ exit
exit
[mjs@localhost ~]$ setenv $MJS_PATH /home/mjs/
bash: setenv: command not found...
[mjs@localhost ~]$ export $MJS_PATH = "/home/mjs/"
bash: export: `=': not a valid identifier
bash: export: `/home/mjs/': not a valid identifier
[mjs@localhost ~]$ export $MJS_PATH "/home/mjs/"
bash: export: `/home/mjs/': not a valid identifier
[mjs@localhost ~]$ /usr/bin/bash
bash        bashbug     bashbug-64  
[mjs@localhost ~]$ /usr/bin/bash
[mjs@localhost ~]$ export $MJS_PATH=/home/mjs
bash: export: `=/home/mjs': not a valid identifier
[mjs@localhost ~]$ man export
[mjs@localhost ~]$ clear
@localhost ~]$ vi commands
commands2.log  commands3.log  commands4.log  commands.log   
[mjs@localhost ~]$ vi commands5.log
[mjs@localhost ~]$ ls
commands2.log  commands.log  file2.txt.gz  files2.log     less.txt  Pictures
commands3.log  Desktop       file3.txt     files3.log     man.txt   Public
commands4.log  Documents     fileA.txt     files.log      Music     Templates
commands5.log  Downloads     fileB.txt     hw_tmp.tar.gz  perl5     Videos
[mjs@localhost ~]$ objdump fileB.txt
Usage: objdump <option(s)> <file(s)>
 Display information from object <file(s)>.
 At least one of the following switches must be given:
  -a, --archive-headers    Display archive header information
  -f, --file-headers       Display the contents of the overall file header
  -p, --private-headers    Display object format specific file header contents
  -P, --private=OPT,OPT... Display object format specific contents
  -h, --[section-]headers  Display the contents of the section headers
  -x, --all-headers        Display the contents of all headers
  -d, --disassemble        Display assembler contents of executable sections
  -D, --disassemble-all    Display assembler contents of all sections
  -S, --source             Intermix source code with disassembly
  -s, --full-contents      Display the full contents of all sections requested
  -g, --debugging          Display debug information in object file
  -e, --debugging-tags     Display debug information using ctags style
  -G, --stabs              Display (in raw form) any STABS info in the file
  -W[lLiaprmfFsoRt] or
  --dwarf[=rawline,=decodedline,=info,=abbrev,=pubnames,=aranges,=macro,=frames,
          =frames-interp,=str,=loc,=Ranges,=pubtypes,
          =gdb_index,=trace_info,=trace_abbrev,=trace_aranges,
          =addr,=cu_index]
                           Display DWARF info in the file
  -t, --syms               Display the contents of the symbol table(s)
  -T, --dynamic-syms       Display the contents of the dynamic symbol table
  -r, --reloc              Display the relocation entries in the file
  -R, --dynamic-reloc      Display the dynamic relocation entries in the file
  @<file>                  Read options from <file>
  -v, --version            Display this program's version number
  -i, --info               List object formats and architectures supported
  -H, --help               Display this information
[mjs@localhost ~]$ objdump -f fileB.txt
objdump: fileB.txt: File format not recognized
[mjs@localhost ~]$ clear
@localhost ~]$ ls
commands2.log  commands.log  file2.txt.gz  files2.log     less.txt  Pictures
commands3.log  Desktop       file3.txt     files3.log     man.txt   Public
commands4.log  Documents     fileA.txt     files.log      Music     Templates
commands5.log  Downloads     fileB.txt     hw_tmp.tar.gz  perl5     Videos
[mjs@localhost ~]$ objdump -h
objdump: 'a.out': No such file
[mjs@localhost ~]$ man objdump
[mjs@localhost ~]$ man objdump
[mjs@localhost ~]$ sudo -i
[sudo] password for mjs: 
[root@localhost ~]# ls
anaconda-ks.cfg  initial-setup-ks.cfg  perl5
[root@localhost ~]# find . -iname *.o
[root@localhost ~]# cd /root
[root@localhost ~]# find . -iname *.o
[root@localhost ~]# cd /
[root@localhost /]# ls
bin   dev  home  lib64  mnt  proc  run   srv  tmp  var
boot  etc  lib   media  opt  root  sbin  sys  usr
[root@localhost /]# find . -iname *.o
./boot/grub2/i386-pc/efiemu32.o
./boot/grub2/i386-pc/efiemu64.o
find: ‘./run/user/1000/gvfs’: Permission denied
./etc/cups/subscriptions.conf.O
./usr/lib/gcc/x86_64-redhat-linux/4.8.2/32/crtbegin.o
./usr/lib/gcc/x86_64-redhat-linux/4.8.2/32/crtbeginS.o
./usr/lib/gcc/x86_64-redhat-linux/4.8.2/32/crtbeginT.o
./usr/lib/gcc/x86_64-redhat-linux/4.8.2/32/crtend.o
./usr/lib/gcc/x86_64-redhat-linux/4.8.2/32/crtendS.o
./usr/lib/gcc/x86_64-redhat-linux/4.8.2/32/crtfastmath.o
./usr/lib/gcc/x86_64-redhat-linux/4.8.2/32/crtprec32.o
./usr/lib/gcc/x86_64-redhat-linux/4.8.2/32/crtprec64.o
./usr/lib/gcc/x86_64-redhat-linux/4.8.2/32/crtprec80.o
./usr/lib/gcc/x86_64-redhat-linux/4.8.2/32/libasan_preinit.o
./usr/lib/gcc/x86_64-redhat-linux/4.8.2/crtbegin.o
./usr/lib/gcc/x86_64-redhat-linux/4.8.2/crtbeginS.o
./usr/lib/gcc/x86_64-redhat-linux/4.8.2/crtbeginT.o
./usr/lib/gcc/x86_64-redhat-linux/4.8.2/crtend.o
./usr/lib/gcc/x86_64-redhat-linux/4.8.2/crtendS.o
./usr/lib/gcc/x86_64-redhat-linux/4.8.2/crtfastmath.o
./usr/lib/gcc/x86_64-redhat-linux/4.8.2/crtprec32.o
./usr/lib/gcc/x86_64-redhat-linux/4.8.2/crtprec64.o
./usr/lib/gcc/x86_64-redhat-linux/4.8.2/crtprec80.o
./usr/lib/gcc/x86_64-redhat-linux/4.8.2/libasan_preinit.o
./usr/lib/x86_64-redhat-linux6E/lib64/Mcrt1.o
./usr/lib/x86_64-redhat-linux6E/lib64/Scrt1.o
./usr/lib/x86_64-redhat-linux6E/lib64/crt1.o
./usr/lib/x86_64-redhat-linux6E/lib64/crti.o
./usr/lib/x86_64-redhat-linux6E/lib64/crtn.o
./usr/lib/x86_64-redhat-linux6E/lib64/gcrt1.o
./usr/lib/grub/i386-pc/efiemu32.o
./usr/lib/grub/i386-pc/efiemu64.o
./usr/lib64/crt1.o
./usr/lib64/crti.o
./usr/lib64/crtn.o
./usr/lib64/gcrt1.o
./usr/lib64/Scrt1.o
./usr/lib64/Mcrt1.o
./usr/lib64/python2.7/config/python.o
^C
[root@localhost /]# objdump /usr/lib64/python2.7/config/python.o 
Usage: objdump <option(s)> <file(s)>
 Display information from object <file(s)>.
 At least one of the following switches must be given:
  -a, --archive-headers    Display archive header information
  -f, --file-headers       Display the contents of the overall file header
  -p, --private-headers    Display object format specific file header contents
  -P, --private=OPT,OPT... Display object format specific contents
  -h, --[section-]headers  Display the contents of the section headers
  -x, --all-headers        Display the contents of all headers
  -d, --disassemble        Display assembler contents of executable sections
  -D, --disassemble-all    Display assembler contents of all sections
  -S, --source             Intermix source code with disassembly
  -s, --full-contents      Display the full contents of all sections requested
  -g, --debugging          Display debug information in object file
  -e, --debugging-tags     Display debug information using ctags style
  -G, --stabs              Display (in raw form) any STABS info in the file
  -W[lLiaprmfFsoRt] or
  --dwarf[=rawline,=decodedline,=info,=abbrev,=pubnames,=aranges,=macro,=frames,
          =frames-interp,=str,=loc,=Ranges,=pubtypes,
          =gdb_index,=trace_info,=trace_abbrev,=trace_aranges,
          =addr,=cu_index]
                           Display DWARF info in the file
  -t, --syms               Display the contents of the symbol table(s)
  -T, --dynamic-syms       Display the contents of the dynamic symbol table
  -r, --reloc              Display the relocation entries in the file
  -R, --dynamic-reloc      Display the dynamic relocation entries in the file
  @<file>                  Read options from <file>
  -v, --version            Display this program's version number
  -i, --info               List object formats and architectures supported
  -H, --help               Display this information
[root@localhost /]# cd
[root@localhost ~]# pwd
/root
[root@localhost ~]# cd -
/
[root@localhost /]# objdump -h /usr/lib64/python2.7/config/python.o > objdump_header.txt
[root@localhost /]# objdump -d /usr/lib64/python2.7/config/python.o > objdump_dissassem.txt
[root@localhost /]# vi objdump_header.txt 
[root@localhost /]# vi objdump_dissassem.txt 
[root@localhost /]# objdump -S /usr/lib64/python2.7/config/python.o > objdump_source.txt
[root@localhost /]# vi objdump_source.txt 
[root@localhost /]# diff objdump_dissassem.txt objdump_source.txt 
[root@localhost /]# objdump -s /usr/lib64/python2.7/config/python.o > objdump_source.txt
[root@localhost /]# diff objdump_dissassem.txt objdump_source.txt 4,8c4,184
< 
< Disassembly of section .text.startup:
< 
< 0000000000000000 <main>:
<    0:	e9 00 00 00 00       	jmpq   5 <main+0x5>
---
> Contents of section .text.startup:
>  0000 e9000000 00                          .....           
> Contents of section .debug_info:
>  0000 31030000 04000000 00000801 00000000  1...............
>  0010 01000000 00000000 00000000 00000000  ................
>  0020 00000000 00000000 00020000 000002d4  ................
>  0030 34000000 03080700 00000003 01080000  4...............
>  0040 00000302 07000000 00030407 00000000  ................
>  0050 03010600 00000003 02050000 00000404  ................
>  0060 05696e74 00030805 00000000 02000000  .int............
>  0070 00038c65 00000002 00000000 038d6500  ...e..........e.
>  0080 00000308 07000000 00050806 08910000  ................
>  0090 00030106 00000000 07000000 00d804f6  ................
>  00a0 19020000 08000000 0004f75e 00000000  ...........^....
>  00b0 08000000 0004fc8b 00000008 08000000  ................
>  00c0 0004fd8b 00000010 08000000 0004fe8b  ................
>  00d0 00000018 08000000 0004ff8b 00000020  ............... 
>  00e0 09000000 00040001 8b000000 28090000  ............(...
>  00f0 00000401 018b0000 00300900 00000004  .........0......
>  0100 02018b00 00003809 00000000 0403018b  ......8.........
>  0110 00000040 09000000 00040501 8b000000  ...@............
>  0120 48090000 00000406 018b0000 00500900  H............P..
>  0130 00000004 07018b00 00005809 00000000  ..........X.....
>  0140 04090151 02000060 09000000 00040b01  ...Q...`........
>  0150 57020000 68090000 0000040d 015e0000  W...h........^..
>  0160 00700900 00000004 11015e00 00007409  .p........^...t.
>  0170 00000000 0413016c 00000078 09000000  .......l...x....
>  0180 00041701 42000000 80090000 00000418  ....B...........
>  0190 01500000 00820900 00000004 19015d02  .P............].
>  01a0 00008309 00000000 041d016d 02000088  ...........m....
>  01b0 09000000 00042601 77000000 90090000  ......&.w.......
>  01c0 0000042f 01890000 00980900 00000004  .../............
>  01d0 30018900 0000a009 00000000 04310189  0............1..
>  01e0 000000a8 09000000 00043201 89000000  ..........2.....
>  01f0 b0090000 00000433 01290000 00b80900  .......3.)......
>  0200 00000004 35015e00 0000c009 00000000  ....5.^.........
>  0210 04370173 020000c4 000a0000 0000049b  .7.s............
>  0220 07000000 001804a1 51020000 08000000  ........Q.......
>  0230 0004a251 02000000 08000000 0004a357  ...Q...........W
>  0240 02000008 08000000 0004a75e 00000010  ...........^....
>  0250 00060820 02000006 08980000 000b9100  ... ............
>  0260 00006d02 00000c82 00000000 00060819  ..m.............
>  0270 0200000b 91000000 83020000 0c820000  ................
>  0280 00130003 08050000 00000308 07000000  ................
>  0290 00030404 00000000 03080400 00000006  ................
>  02a0 088b0000 00031004 00000000 0d000000  ................
>  02b0 00010a5e 00000000 00000000 00000005  ...^............
>  02c0 00000000 00000001 9c080300 000e0000  ................
>  02d0 0000010a 5e000000 00000000 0e000000  ....^...........
>  02e0 00010a9f 02000000 0000000f 00000000  ................
>  02f0 00000000 1e030000 10015503 f3015510  ..........U...U.
>  0300 015403f3 01540000 11000000 0005a857  .T...T.........W
>  0310 02000011 00000000 05a95702 00001200  ..........W.....
>  0320 00000006 515e0000 00135e00 0000139f  ....Q^....^.....
>  0330 02000000 00                          .....           
> Contents of section .debug_abbrev:
>  0000 01110125 0e130b03 0e1b0e55 17110110  ...%.......U....
>  0010 17000002 1600030e 3a0b3b0b 49130000  ........:.;.I...
>  0020 0324000b 0b3e0b03 0e000004 24000b0b  .$...>......$...
>  0030 3e0b0308 0000050f 000b0b00 00060f00  >...............
>  0040 0b0b4913 00000713 01030e0b 0b3a0b3b  ..I..........:.;
>  0050 0b011300 00080d00 030e3a0b 3b0b4913  ..........:.;.I.
>  0060 380b0000 090d0003 0e3a0b3b 05491338  8........:.;.I.8
>  0070 0b00000a 1600030e 3a0b3b0b 00000b01  ........:.;.....
>  0080 01491301 1300000c 21004913 2f0b0000  .I......!.I./...
>  0090 0d2e013f 19030e3a 0b3b0b27 19491311  ...?...:.;.'.I..
>  00a0 01120740 18974219 01130000 0e050003  ...@..B.........
>  00b0 0e3a0b3b 0b491302 1700000f 89820101  .:.;.I..........
>  00c0 11019542 19311300 00108a82 01000218  ...B.1..........
>  00d0 91421800 00113400 030e3a0b 3b0b4913  .B....4...:.;.I.
>  00e0 3f193c19 0000122e 013f1903 0e3a0b3b  ?.<......?...:.;
>  00f0 0b271949 133c1900 00130500 49130000  .'.I.<......I...
>  0100 00                                   .               
> Contents of section .debug_loc:
>  0000 00000000 00000000 00000000 00000000  ................
>  0010 01005500 00000000 00000000 00000000  ..U.............
>  0020 00000004 00f30155 9f000000 00000000  .......U........
>  0030 00000000 00000000 00000000 00000000  ................
>  0040 00000000 00000000 00010054 00000000  ...........T....
>  0050 00000000 00000000 00000000 0400f301  ................
>  0060 549f0000 00000000 00000000 00000000  T...............
>  0070 0000                                 ..              
> Contents of section .debug_aranges:
>  0000 2c000000 02000000 00000800 00000000  ,...............
>  0010 00000000 00000000 05000000 00000000  ................
>  0020 00000000 00000000 00000000 00000000  ................
> Contents of section .debug_ranges:
>  0000 00000000 00000000 00000000 00000000  ................
>  0010 00000000 00000000 00000000 00000000  ................
> Contents of section .debug_line:
>  0000 1b010000 0200ff00 00000101 fb0e0d00  ................
>  0010 01010101 00000001 0000012f 6275696c  .........../buil
>  0020 64646972 2f627569 6c642f42 55494c44  ddir/build/BUILD
>  0030 2f507974 686f6e2d 322e372e 352f4d6f  /Python-2.7.5/Mo
>  0040 64756c65 73002f75 73722f6c 69622f67  dules./usr/lib/g
>  0050 63632f78 38365f36 342d7265 64686174  cc/x86_64-redhat
>  0060 2d6c696e 75782f34 2e382e32 2f696e63  -linux/4.8.2/inc
>  0070 6c756465 002f7573 722f696e 636c7564  lude./usr/includ
>  0080 652f6269 7473002f 7573722f 696e636c  e/bits./usr/incl
>  0090 75646500 2f627569 6c646469 722f6275  ude./builddir/bu
>  00a0 696c642f 4255494c 442f5079 74686f6e  ild/BUILD/Python
>  00b0 2d322e37 2e352f49 6e636c75 64650000  -2.7.5/Include..
>  00c0 70797468 6f6e2e63 00010000 73746464  python.c....stdd
>  00d0 65662e68 00020000 74797065 732e6800  ef.h....types.h.
>  00e0 0300006c 6962696f 2e680004 00007374  ...libio.h....st
>  00f0 64696f2e 68000400 00707974 686f6e72  dio.h....pythonr
>  0100 756e2e68 00050000 00000902 00000000  un.h............
>  0110 00000000 030a0103 0c010205 000101    ............... 
> Contents of section .debug_str:
>  0000 5f494f5f 72656164 5f626173 65005f49  _IO_read_base._I
>  0010 4f5f7265 61645f65 6e640073 697a655f  O_read_end.size_
>  0020 74005f49 4f5f4649 4c45005f 494f5f77  t._IO_FILE._IO_w
>  0030 72697465 5f626173 65005f49 4f5f6275  rite_base._IO_bu
>  0040 665f656e 64005f5f 70616432 005f5f70  f_end.__pad2.__p
>  0050 61643300 5f494f5f 72656164 5f707472  ad3._IO_read_ptr
>  0060 005f7368 6f727462 75660075 6e736967  ._shortbuf.unsig
>  0070 6e656420 696e7400 5f494f5f 77726974  ned int._IO_writ
>  0080 655f7074 72005f6f 66667365 7400474e  e_ptr._offset.GN
>  0090 55204320 342e382e 32203230 31343031  U C 4.8.2 201401
>  00a0 32302028 52656420 48617420 342e382e  20 (Red Hat 4.8.
>  00b0 322d3136 29202d6d 74756e65 3d67656e  2-16) -mtune=gen
>  00c0 65726963 202d6d74 756e653d 67656e65  eric -mtune=gene
>  00d0 72696320 2d6d3634 202d6d74 756e653d  ric -m64 -mtune=
>  00e0 67656e65 72696320 2d6d6172 63683d78  generic -march=x
>  00f0 38362d36 34202d67 202d6720 2d67202d  86-64 -g -g -g -
>  0100 4f32202d 4f32202d 4f32202d 666e6f2d  O2 -O2 -O2 -fno-
>  0110 73747269 63742d61 6c696173 696e6720  strict-aliasing 
>  0120 2d667374 61636b2d 70726f74 6563746f  -fstack-protecto
>  0130 722d7374 726f6e67 202d6673 7461636b  r-strong -fstack
>  0140 2d70726f 74656374 6f722d73 74726f6e  -protector-stron
>  0150 67202d66 65786365 7074696f 6e73202d  g -fexceptions -
>  0160 66737461 636b2d70 726f7465 63746f72  fstack-protector
>  0170 2d737472 6f6e6720 2d667772 61707620  -strong -fwrapv 
>  0180 2d665049 43202d2d 70617261 6d207373  -fPIC --param ss
>  0190 702d6275 66666572 2d73697a 653d3420  p-buffer-size=4 
>  01a0 2d2d7061 72616d20 7373702d 62756666  --param ssp-buff
>  01b0 65722d73 697a653d 34202d2d 70617261  er-size=4 --para
>  01c0 6d207373 702d6275 66666572 2d73697a  m ssp-buffer-siz
>  01d0 653d3400 5f6d6f64 65005f5f 6f666636  e=4._mode.__off6
>  01e0 345f7400 5f636861 696e0066 6c6f6174  4_t._chain.float
>  01f0 005f5f70 61643100 6c6f6e67 206c6f6e  .__pad1.long lon
>  0200 6720756e 7369676e 65642069 6e74005f  g unsigned int._
>  0210 494f5f73 6176655f 62617365 00756e73  IO_save_base.uns
>  0220 69676e65 64206368 6172002f 6275696c  igned char./buil
>  0230 64646972 2f627569 6c642f42 55494c44  ddir/build/BUILD
>  0240 2f507974 686f6e2d 322e372e 352f4d6f  /Python-2.7.5/Mo
>  0250 64756c65 732f7079 74686f6e 2e63006c  dules/python.c.l
>  0260 6f6e6720 756e7369 676e6564 20696e74  ong unsigned int
>  0270 0073686f 72742075 6e736967 6e656420  .short unsigned 
>  0280 696e7400 73746469 6e005f49 4f5f7361  int.stdin._IO_sa
>  0290 76655f65 6e64005f 494f5f6c 6f636b5f  ve_end._IO_lock_
>  02a0 74005f6d 61726b65 7273005f 706f7300  t._markers._pos.
>  02b0 646f7562 6c65006c 6f6e6720 646f7562  double.long doub
>  02c0 6c65006d 61696e00 5f666c61 67733200  le.main._flags2.
>  02d0 5f5f6f66 665f7400 5f6f6c64 5f6f6666  __off_t._old_off
>  02e0 73657400 5f6c6f63 6b005f49 4f5f6d61  set._lock._IO_ma
>  02f0 726b6572 005f6375 725f636f 6c756d6e  rker._cur_column
>  0300 00636861 72005f66 696c656e 6f005f49  .char._fileno._I
>  0310 4f5f6275 665f6261 7365005f 6e657874  O_buf_base._next
>  0320 005f7674 61626c65 5f6f6666 73657400  ._vtable_offset.
>  0330 61726763 0073697a 65747970 65005f75  argc.sizetype._u
>  0340 6e757365 6432006c 6f6e6720 6c6f6e67  nused2.long long
>  0350 20696e74 00737464 6f757400 5f494f5f   int.stdout._IO_
>  0360 77726974 655f656e 64007368 6f727420  write_end.short 
>  0370 696e7400 5f494f5f 6261636b 75705f62  int._IO_backup_b
>  0380 61736500 5f666c61 67730061 72677600  ase._flags.argv.
>  0390 2f627569 6c646469 722f6275 696c642f  /builddir/build/
>  03a0 4255494c 442f5079 74686f6e 2d322e37  BUILD/Python-2.7
>  03b0 2e352f62 75696c64 2f6f7074 696d697a  .5/build/optimiz
>  03c0 6564006c 6f6e6720 696e7400 50795f4d  ed.long int.Py_M
>  03d0 61696e00 5f5f7061 6434005f 5f706164  ain.__pad4.__pad
>  03e0 35007369 676e6564 20636861 72005f73  5.signed char._s
>  03f0 62756600                             buf.            
> Contents of section .comment:
>  0000 00474343 3a202847 4e552920 342e382e  .GCC: (GNU) 4.8.
>  0010 32203230 31343031 32302028 52656420  2 20140120 (Red 
>  0020 48617420 342e382e 322d3136 2900      Hat 4.8.2-16).  
> Contents of section .eh_frame:
>  0000 14000000 00000000 017a5200 01781001  .........zR..x..
>  0010 1b0c0708 90010000 14000000 1c000000  ................
>  0020 00000000 05000000 00000000 00000000  ................
[root@localhost /]# man nm
[root@localhost /]# nm -A objdump_source.txt 
nm: objdump_source.txt: File format not recognized
[root@localhost /]# nm -A /usr/lib64/python2.7/config/python.o
/usr/lib64/python2.7/config/python.o:                 U _GLOBAL_OFFSET_TABLE_
/usr/lib64/python2.7/config/python.o:0000000000000000 T main
/usr/lib64/python2.7/config/python.o:                 U Py_Main
[root@localhost /]# nm -A /usr/lib64/python2.7/config/python.o > nm_a.txt
[root@localhost /]# nm -l /usr/lib64/python2.7/config/python.o
                 U _GLOBAL_OFFSET_TABLE_
0000000000000000 T main	/builddir/build/BUILD/Python-2.7.5/Modules/python.c:10
                 U Py_Main	/builddir/build/BUILD/Python-2.7.5/Modules/python.c:23
[root@localhost /]# nm -l /usr/lib64/python2.7/config/python.o > nm_l.txt
[root@localhost /]# mv nm_a.txt nm_A.txt
[root@localhost /]# man nm
[root@localhost /]# nm -p /usr/lib64/python2.7/config/python.o > nm_p.txt
[root@localhost /]# vi nm_p.txt 
[root@localhost /]# ls
bin   etc   lib64  nm_A.txt  objdump_dissassem.txt  opt   run   sys  var
boot  home  media  nm_l.txt  objdump_header.txt     proc  sbin  tmp
dev   lib   mnt    nm_p.txt  objdump_source.txt     root  srv   usr
[root@localhost /]# mv nm_* /home/mjs/
[root@localhost /]# mv objdump_* /home/mjs/
[root@localhost /]# chown mjs:mjs /home/mjs/nm*
[root@localhost /]# chown mjs:mjs /home/mjs/objdump_*
[root@localhost /]# ls
bin   dev  home  lib64  mnt  proc  run   srv  tmp  var
boot  etc  lib   media  opt  root  sbin  sys  usr
[root@localhost /]# grep -r python *
Binary file bin/vi matches
bin/gst-feedback-0.10:                gst-python
Binary file bin/swig matches
bin/gtester-report:#!/usr/bin/python
bin/gtester-report:# GLib Testing Framework Utility			-*- Mode: python; -*-
bin/gtester-report:            " Needs python-subunit]")
bin/gtester-report:        parser.error("python-subunit is not installed.")
bin/pydoc:#!/usr/bin/python2.7
Binary file bin/python2.7 matches
bin/gdbus-codegen:#!/usr/bin/python
bin/automake:sub handle_python
bin/automake:  my @pyfiles = &am_install_var ('-defaultdist', 'python', 'PYTHON',
bin/automake:  handle_python;
bin/automake-1.13:sub handle_python
bin/automake-1.13:  my @pyfiles = &am_install_var ('-defaultdist', 'python', 'PYTHON',
bin/automake-1.13:  handle_python;
Binary file bin/pg_config matches
Binary file bin/cmake matches
Binary file bin/ccmake matches
Binary file bin/cpack matches
Binary file bin/ctest matches
bin/msghack:#!/usr/bin/python
bin/python2.7-config:#!/usr/bin/python2.7
bin/python2.7-config:        flags = ['-I' + sysconfig.get_python_inc(),
bin/python2.7-config:                 '-I' + sysconfig.get_python_inc(plat_specific=True)]
bin/python2.7-config:        libs.append('-lpython' + pyver + (sys.pydebug and "_d" or ""))
bin/python2.7-config:        # add the prefix/lib/pythonX.Y/config dir, but only if there is no
Binary file bin/gdb matches
Binary file bin/xgettext matches
Binary file bin/crash matches
bin/easy_install:#!/usr/bin/python
bin/easy_install-2.7:#!/usr/bin/python
bin/nosetests:#!/usr/bin/python
bin/nosetests-2.7:#!/usr/bin/python
bin/dtrace:#!/usr/bin/python
bin/coverage:#!/usr/bin/python
bin/coverage-2.7:#!/usr/bin/python
bin/coverage2:#!/usr/bin/python
bin/fros:#!/usr/bin/python
bin/bno_plot.py:#! /usr/bin/env python
bin/xmvn-builddep:    | python /usr/share/java-utils/builddep.py /dev/stdin \
bin/mako-render:#!/usr/bin/python
bin/chcat:#! /usr/bin/python -Es
bin/g-ir-annotation-tool:#!/usr/bin/python
bin/g-ir-doc-tool:#!/usr/bin/python
bin/g-ir-scanner:#!/usr/bin/python
bin/pyinotify:python -m pyinotify "$@"
bin/urlgrabber:#!/usr/bin/python -t
bin/urlgrabber:  urlgrabber - a simple client for the urlgrabber python package
bin/urlgrabber:  This is a thin client for the urlgrabber python package.  It is
bin/urlgrabber:  provided mainly for helping debug the python package.  It provides
bin/urlgrabber:     Note: this only works for python > 2.3 because it requires the
bin/urlgrabber:urlgrabber - a simple client for the urlgrabber python package
bin/urlgrabber:  --<option>=VAL    specify a module option. VAL must be a python value,
bin/ksflatten:#!/usr/bin/python
bin/ksshell:#!/usr/bin/python
bin/ksvalidator:#!/usr/bin/python
bin/ksverdiff:#!/usr/bin/python
bin/netaddr:#!/usr/bin/python
bin/netaddr:    sys.stderr.write('IPython (http://ipython.scipy.org/) not found!')
bin/mofcomp:#!/usr/bin/python
bin/pywbemcli:#!/usr/bin/python
Binary file bin/virtuoso-t matches
^C^
[root@localhost /]# grep -ri PYthon *
Binary file bin/eu-readelf matches
Binary file bin/vi matches
bin/gst-feedback-0.10:                gst-python
Binary file bin/swig matches
bin/gtester-report:#!/usr/bin/python
bin/gtester-report:# GLib Testing Framework Utility			-*- Mode: python; -*-
bin/gtester-report:            " Needs python-subunit]")
bin/gtester-report:        parser.error("python-subunit is not installed.")
bin/pydoc:#!/usr/bin/python2.7
Binary file bin/python2.7 matches
bin/gdbus-codegen:#!/usr/bin/python
Binary file bin/objdump matches
Binary file bin/readelf matches
bin/automake:# Handle Python
bin/automake:sub handle_python
bin/automake:  my @pyfiles = &am_install_var ('-defaultdist', 'python', 'PYTHON',
bin/automake:  require_variables ($pyfiles[0][0], "Python sources seen", TRUE, 'PYTHON');
bin/automake:  # 'PYTHON' is customarily used to mean the Python interpreter.
bin/automake:    unless $primary eq 'JAVA' || $primary eq 'PYTHON';
bin/automake:  # The PYTHON variable is used as the name of the Python interpreter.
bin/automake:  if (@used && $primary ne 'JAVA' && $primary ne 'PYTHON')
bin/automake:    if @used && $primary ne 'JAVA' && $primary ne 'PYTHON';
bin/automake:  handle_python;
bin/automake-1.13:# Handle Python
bin/automake-1.13:sub handle_python
bin/automake-1.13:  my @pyfiles = &am_install_var ('-defaultdist', 'python', 'PYTHON',
bin/automake-1.13:  require_variables ($pyfiles[0][0], "Python sources seen", TRUE, 'PYTHON');
bin/automake-1.13:  # 'PYTHON' is customarily used to mean the Python interpreter.
bin/automake-1.13:    unless $primary eq 'JAVA' || $primary eq 'PYTHON';
bin/automake-1.13:  # The PYTHON variable is used as the name of the Python interpreter.
bin/automake-1.13:  if (@used && $primary ne 'JAVA' && $primary ne 'PYTHON')
bin/automake-1.13:    if @used && $primary ne 'JAVA' && $primary ne 'PYTHON';
bin/automake-1.13:  handle_python;
Binary file bin/pg_config matches
Binary file bin/cmake matches
Binary file bin/ccmake matches
Binary file bin/cpack matches
Binary file bin/ctest matches
bin/msghack:#!/usr/bin/python
bin/python2.7-config:#!/usr/bin/python2.7
bin/python2.7-config:        flags = ['-I' + sysconfig.get_python_inc(),
bin/python2.7-config:                 '-I' + sysconfig.get_python_inc(plat_specific=True)]
bin/python2.7-config:        libs.append('-lpython' + pyver + (sys.pydebug and "_d" or ""))
bin/python2.7-config:        # add the prefix/lib/pythonX.Y/config dir, but only if there is no
bin/python2.7-config:            if not getvar('PYTHONFRAMEWORK'):
Binary file bin/gdb matches
Binary file bin/xgettext matches
Binary file bin/crash matches
bin/easy_install:#!/usr/bin/python
bin/easy_install-2.7:#!/usr/bin/python
bin/nosetests:#!/usr/bin/python
bin/nosetests-2.7:#!/usr/bin/python
bin/dtrace:#!/usr/bin/python
bin/coverage:#!/usr/bin/python
bin/coverage-2.7:#!/usr/bin/python
bin/coverage2:#!/usr/bin/python
bin/fros:#!/usr/bin/python
bin/bno_plot.py:#! /usr/bin/env python
bin/xmvn-builddep:    | python /usr/share/java-utils/builddep.py /dev/stdin \
bin/mako-render:#!/usr/bin/python
bin/chcat:#! /usr/bin/python -Es
^C
[root@localhost /]# 

